                                      1 ;--------------------------------------------------------
                                      2 ; File Created by SDCC : free open source ANSI-C Compiler
                                      3 ; Version 3.6.0 #9615 (Linux)
                                      4 ;--------------------------------------------------------
                                      5 	.module main
                                      6 	.optsdcc -mstm8
                                      7 	
                                      8 ;--------------------------------------------------------
                                      9 ; Public variables in this module
                                     10 ;--------------------------------------------------------
                                     11 	.globl _main
                                     12 	.globl _delay_ms
                                     13 	.globl _GPIO_WriteReverse
                                     14 	.globl _GPIO_Init
                                     15 	.globl _CLK_SYSCLKConfig
                                     16 ;--------------------------------------------------------
                                     17 ; ram data
                                     18 ;--------------------------------------------------------
                                     19 	.area DATA
                                     20 ;--------------------------------------------------------
                                     21 ; ram data
                                     22 ;--------------------------------------------------------
                                     23 	.area INITIALIZED
                                     24 ;--------------------------------------------------------
                                     25 ; Stack segment in internal ram 
                                     26 ;--------------------------------------------------------
                                     27 	.area	SSEG
      000000                         28 __start__stack:
      000000                         29 	.ds	1
                                     30 
                                     31 ;--------------------------------------------------------
                                     32 ; absolute external ram data
                                     33 ;--------------------------------------------------------
                                     34 	.area DABS (ABS)
                                     35 ;--------------------------------------------------------
                                     36 ; interrupt vector 
                                     37 ;--------------------------------------------------------
                                     38 	.area HOME
      000000                         39 __interrupt_vect:
      000000 82v00u00u00             40 	int s_GSINIT ;reset
      000004 82 00 00 00             41 	int 0x0000 ;trap
      000008 82 00 00 00             42 	int 0x0000 ;int0
      00000C 82 00 00 00             43 	int 0x0000 ;int1
      000010 82 00 00 00             44 	int 0x0000 ;int2
      000014 82 00 00 00             45 	int 0x0000 ;int3
      000018 82 00 00 00             46 	int 0x0000 ;int4
      00001C 82 00 00 00             47 	int 0x0000 ;int5
      000020 82 00 00 00             48 	int 0x0000 ;int6
      000024 82 00 00 00             49 	int 0x0000 ;int7
      000028 82 00 00 00             50 	int 0x0000 ;int8
      00002C 82 00 00 00             51 	int 0x0000 ;int9
      000030 82 00 00 00             52 	int 0x0000 ;int10
      000034 82 00 00 00             53 	int 0x0000 ;int11
      000038 82 00 00 00             54 	int 0x0000 ;int12
      00003C 82 00 00 00             55 	int 0x0000 ;int13
      000040 82 00 00 00             56 	int 0x0000 ;int14
      000044 82 00 00 00             57 	int 0x0000 ;int15
      000048 82 00 00 00             58 	int 0x0000 ;int16
      00004C 82 00 00 00             59 	int 0x0000 ;int17
      000050 82 00 00 00             60 	int 0x0000 ;int18
      000054 82 00 00 00             61 	int 0x0000 ;int19
      000058 82 00 00 00             62 	int 0x0000 ;int20
      00005C 82 00 00 00             63 	int 0x0000 ;int21
      000060 82 00 00 00             64 	int 0x0000 ;int22
      000064 82 00 00 00             65 	int 0x0000 ;int23
      000068 82 00 00 00             66 	int 0x0000 ;int24
      00006C 82 00 00 00             67 	int 0x0000 ;int25
      000070 82 00 00 00             68 	int 0x0000 ;int26
      000074 82 00 00 00             69 	int 0x0000 ;int27
      000078 82 00 00 00             70 	int 0x0000 ;int28
      00007C 82 00 00 00             71 	int 0x0000 ;int29
                                     72 ;--------------------------------------------------------
                                     73 ; global & static initialisations
                                     74 ;--------------------------------------------------------
                                     75 	.area HOME
                                     76 	.area GSINIT
                                     77 	.area GSFINAL
                                     78 	.area GSINIT
      000000                         79 __sdcc_gs_init_startup:
      000000                         80 __sdcc_init_data:
                                     81 ; stm8_genXINIT() start
      000000 AEr00r00         [ 2]   82 	ldw x, #l_DATA
      000003 27 07            [ 1]   83 	jreq	00002$
      000005                         84 00001$:
      000005 72 4FuFFuFF      [ 1]   85 	clr (s_DATA - 1, x)
      000009 5A               [ 2]   86 	decw x
      00000A 26 F9            [ 1]   87 	jrne	00001$
      00000C                         88 00002$:
      00000C AEr00r00         [ 2]   89 	ldw	x, #l_INITIALIZER
      00000F 27 09            [ 1]   90 	jreq	00004$
      000011                         91 00003$:
      000011 D6uFFuFF         [ 1]   92 	ld	a, (s_INITIALIZER - 1, x)
      000014 D7uFFuFF         [ 1]   93 	ld	(s_INITIALIZED - 1, x), a
      000017 5A               [ 2]   94 	decw	x
      000018 26 F7            [ 1]   95 	jrne	00003$
      00001A                         96 00004$:
                                     97 ; stm8_genXINIT() end
                                     98 	.area GSFINAL
      000000 CCr00r80         [ 2]   99 	jp	__sdcc_program_startup
                                    100 ;--------------------------------------------------------
                                    101 ; Home
                                    102 ;--------------------------------------------------------
                                    103 	.area HOME
                                    104 	.area HOME
      000080                        105 __sdcc_program_startup:
      000080 CCr00r00         [ 2]  106 	jp	_main
                                    107 ;	return from main will return to caller
                                    108 ;--------------------------------------------------------
                                    109 ; code
                                    110 ;--------------------------------------------------------
                                    111 	.area CODE
                                    112 ;	main.c: 9: int main(void)
                                    113 ;	-----------------------------------------
                                    114 ;	 function main
                                    115 ;	-----------------------------------------
      000000                        116 _main:
                                    117 ;	main.c: 11: CLK_SYSCLKConfig(CLK_PRESCALER_CPUDIV1);
      000000 4B 80            [ 1]  118 	push	#0x80
      000002 CDr00r00         [ 4]  119 	call	_CLK_SYSCLKConfig
      000005 84               [ 1]  120 	pop	a
                                    121 ;	main.c: 12: CLK_SYSCLKConfig(CLK_PRESCALER_HSIDIV1);
      000006 4B 00            [ 1]  122 	push	#0x00
      000008 CDr00r00         [ 4]  123 	call	_CLK_SYSCLKConfig
      00000B 84               [ 1]  124 	pop	a
                                    125 ;	main.c: 14: GPIO_Init(TEST_LED_PORT, TEST_LED_PIN, GPIO_MODE_OUT_PP_LOW_FAST);
      00000C 4B E0            [ 1]  126 	push	#0xe0
      00000E 4B 20            [ 1]  127 	push	#0x20
      000010 4B 05            [ 1]  128 	push	#0x05
      000012 4B 50            [ 1]  129 	push	#0x50
      000014 CDr00r00         [ 4]  130 	call	_GPIO_Init
      000017 5B 04            [ 2]  131 	addw	sp, #4
                                    132 ;	main.c: 16: while (1)
      000019                        133 00102$:
                                    134 ;	main.c: 18: GPIO_WriteReverse(TEST_LED_PORT, TEST_LED_PIN);
      000019 4B 20            [ 1]  135 	push	#0x20
      00001B 4B 05            [ 1]  136 	push	#0x05
      00001D 4B 50            [ 1]  137 	push	#0x50
      00001F CDr00r00         [ 4]  138 	call	_GPIO_WriteReverse
      000022 5B 03            [ 2]  139 	addw	sp, #3
                                    140 ;	main.c: 19: delay_ms(5000);
      000024 4B 88            [ 1]  141 	push	#0x88
      000026 4B 13            [ 1]  142 	push	#0x13
      000028 5F               [ 1]  143 	clrw	x
      000029 89               [ 2]  144 	pushw	x
      00002A CDr00r00         [ 4]  145 	call	_delay_ms
      00002D 5B 04            [ 2]  146 	addw	sp, #4
      00002F 20 E8            [ 2]  147 	jra	00102$
      000031 81               [ 4]  148 	ret
                                    149 	.area CODE
                                    150 	.area INITIALIZER
                                    151 	.area CABS (ABS)
