                                      1 ;--------------------------------------------------------
                                      2 ; File Created by SDCC : free open source ANSI-C Compiler
                                      3 ; Version 3.6.0 #9615 (Linux)
                                      4 ;--------------------------------------------------------
                                      5 	.module stm8s_gpio
                                      6 	.optsdcc -mstm8
                                      7 	
                                      8 ;--------------------------------------------------------
                                      9 ; Public variables in this module
                                     10 ;--------------------------------------------------------
                                     11 	.globl _GPIO_DeInit
                                     12 	.globl _GPIO_Init
                                     13 	.globl _GPIO_Write
                                     14 	.globl _GPIO_WriteHigh
                                     15 	.globl _GPIO_WriteLow
                                     16 	.globl _GPIO_WriteReverse
                                     17 	.globl _GPIO_ReadOutputData
                                     18 	.globl _GPIO_ReadInputData
                                     19 	.globl _GPIO_ReadInputPin
                                     20 	.globl _GPIO_ExternalPullUpConfig
                                     21 ;--------------------------------------------------------
                                     22 ; ram data
                                     23 ;--------------------------------------------------------
                                     24 	.area DATA
                                     25 ;--------------------------------------------------------
                                     26 ; ram data
                                     27 ;--------------------------------------------------------
                                     28 	.area INITIALIZED
                                     29 ;--------------------------------------------------------
                                     30 ; absolute external ram data
                                     31 ;--------------------------------------------------------
                                     32 	.area DABS (ABS)
                                     33 ;--------------------------------------------------------
                                     34 ; global & static initialisations
                                     35 ;--------------------------------------------------------
                                     36 	.area HOME
                                     37 	.area GSINIT
                                     38 	.area GSFINAL
                                     39 	.area GSINIT
                                     40 ;--------------------------------------------------------
                                     41 ; Home
                                     42 ;--------------------------------------------------------
                                     43 	.area HOME
                                     44 	.area HOME
                                     45 ;--------------------------------------------------------
                                     46 ; code
                                     47 ;--------------------------------------------------------
                                     48 	.area CODE
                                     49 ;	../Libraries/STM8S_StdPeriph_Driver/src/stm8s_gpio.c: 53: void GPIO_DeInit(GPIO_TypeDef* GPIOx)
                                     50 ;	-----------------------------------------
                                     51 ;	 function GPIO_DeInit
                                     52 ;	-----------------------------------------
      000000                         53 _GPIO_DeInit:
      000000 52 02            [ 2]   54 	sub	sp, #2
                                     55 ;	../Libraries/STM8S_StdPeriph_Driver/src/stm8s_gpio.c: 55: GPIOx->ODR = GPIO_ODR_RESET_VALUE; /* Reset Output Data Register */
      000002 16 05            [ 2]   56 	ldw	y, (0x05, sp)
      000004 17 01            [ 2]   57 	ldw	(0x01, sp), y
      000006 1E 01            [ 2]   58 	ldw	x, (0x01, sp)
      000008 7F               [ 1]   59 	clr	(x)
                                     60 ;	../Libraries/STM8S_StdPeriph_Driver/src/stm8s_gpio.c: 56: GPIOx->DDR = GPIO_DDR_RESET_VALUE; /* Reset Data Direction Register */
      000009 1E 01            [ 2]   61 	ldw	x, (0x01, sp)
      00000B 5C               [ 2]   62 	incw	x
      00000C 5C               [ 2]   63 	incw	x
      00000D 7F               [ 1]   64 	clr	(x)
                                     65 ;	../Libraries/STM8S_StdPeriph_Driver/src/stm8s_gpio.c: 57: GPIOx->CR1 = GPIO_CR1_RESET_VALUE; /* Reset Control Register 1 */
      00000E 1E 01            [ 2]   66 	ldw	x, (0x01, sp)
      000010 1C 00 03         [ 2]   67 	addw	x, #0x0003
      000013 7F               [ 1]   68 	clr	(x)
                                     69 ;	../Libraries/STM8S_StdPeriph_Driver/src/stm8s_gpio.c: 58: GPIOx->CR2 = GPIO_CR2_RESET_VALUE; /* Reset Control Register 2 */
      000014 1E 01            [ 2]   70 	ldw	x, (0x01, sp)
      000016 1C 00 04         [ 2]   71 	addw	x, #0x0004
      000019 7F               [ 1]   72 	clr	(x)
      00001A 5B 02            [ 2]   73 	addw	sp, #2
      00001C 81               [ 4]   74 	ret
                                     75 ;	../Libraries/STM8S_StdPeriph_Driver/src/stm8s_gpio.c: 71: void GPIO_Init(GPIO_TypeDef* GPIOx, GPIO_Pin_TypeDef GPIO_Pin, GPIO_Mode_TypeDef GPIO_Mode)
                                     76 ;	-----------------------------------------
                                     77 ;	 function GPIO_Init
                                     78 ;	-----------------------------------------
      00001D                         79 _GPIO_Init:
      00001D 52 05            [ 2]   80 	sub	sp, #5
                                     81 ;	../Libraries/STM8S_StdPeriph_Driver/src/stm8s_gpio.c: 81: GPIOx->CR2 &= (uint8_t)(~(GPIO_Pin));
      00001F 16 08            [ 2]   82 	ldw	y, (0x08, sp)
      000021 17 02            [ 2]   83 	ldw	(0x02, sp), y
      000023 1E 02            [ 2]   84 	ldw	x, (0x02, sp)
      000025 1C 00 04         [ 2]   85 	addw	x, #0x0004
      000028 1F 04            [ 2]   86 	ldw	(0x04, sp), x
      00002A 1E 04            [ 2]   87 	ldw	x, (0x04, sp)
      00002C F6               [ 1]   88 	ld	a, (x)
      00002D 88               [ 1]   89 	push	a
      00002E 7B 0B            [ 1]   90 	ld	a, (0x0b, sp)
      000030 43               [ 1]   91 	cpl	a
      000031 6B 02            [ 1]   92 	ld	(0x02, sp), a
      000033 84               [ 1]   93 	pop	a
      000034 14 01            [ 1]   94 	and	a, (0x01, sp)
      000036 1E 04            [ 2]   95 	ldw	x, (0x04, sp)
      000038 F7               [ 1]   96 	ld	(x), a
                                     97 ;	../Libraries/STM8S_StdPeriph_Driver/src/stm8s_gpio.c: 98: GPIOx->DDR |= (uint8_t)GPIO_Pin;
      000039 1E 02            [ 2]   98 	ldw	x, (0x02, sp)
      00003B 5C               [ 2]   99 	incw	x
      00003C 5C               [ 2]  100 	incw	x
                                    101 ;	../Libraries/STM8S_StdPeriph_Driver/src/stm8s_gpio.c: 87: if ((((uint8_t)(GPIO_Mode)) & (uint8_t)0x80) != (uint8_t)0x00) /* Output mode */
      00003D 0D 0B            [ 1]  102 	tnz	(0x0b, sp)
      00003F 2A 20            [ 1]  103 	jrpl	00105$
                                    104 ;	../Libraries/STM8S_StdPeriph_Driver/src/stm8s_gpio.c: 91: GPIOx->ODR |= (uint8_t)GPIO_Pin;
      000041 16 02            [ 2]  105 	ldw	y, (0x02, sp)
      000043 90 F6            [ 1]  106 	ld	a, (y)
                                    107 ;	../Libraries/STM8S_StdPeriph_Driver/src/stm8s_gpio.c: 89: if ((((uint8_t)(GPIO_Mode)) & (uint8_t)0x10) != (uint8_t)0x00) /* High level */
      000045 88               [ 1]  108 	push	a
      000046 7B 0C            [ 1]  109 	ld	a, (0x0c, sp)
      000048 A5 10            [ 1]  110 	bcp	a, #0x10
      00004A 84               [ 1]  111 	pop	a
      00004B 27 08            [ 1]  112 	jreq	00102$
                                    113 ;	../Libraries/STM8S_StdPeriph_Driver/src/stm8s_gpio.c: 91: GPIOx->ODR |= (uint8_t)GPIO_Pin;
      00004D 1A 0A            [ 1]  114 	or	a, (0x0a, sp)
      00004F 16 02            [ 2]  115 	ldw	y, (0x02, sp)
      000051 90 F7            [ 1]  116 	ld	(y), a
      000053 20 06            [ 2]  117 	jra	00103$
      000055                        118 00102$:
                                    119 ;	../Libraries/STM8S_StdPeriph_Driver/src/stm8s_gpio.c: 95: GPIOx->ODR &= (uint8_t)(~(GPIO_Pin));
      000055 14 01            [ 1]  120 	and	a, (0x01, sp)
      000057 16 02            [ 2]  121 	ldw	y, (0x02, sp)
      000059 90 F7            [ 1]  122 	ld	(y), a
      00005B                        123 00103$:
                                    124 ;	../Libraries/STM8S_StdPeriph_Driver/src/stm8s_gpio.c: 98: GPIOx->DDR |= (uint8_t)GPIO_Pin;
      00005B F6               [ 1]  125 	ld	a, (x)
      00005C 1A 0A            [ 1]  126 	or	a, (0x0a, sp)
      00005E F7               [ 1]  127 	ld	(x), a
      00005F 20 04            [ 2]  128 	jra	00106$
      000061                        129 00105$:
                                    130 ;	../Libraries/STM8S_StdPeriph_Driver/src/stm8s_gpio.c: 103: GPIOx->DDR &= (uint8_t)(~(GPIO_Pin));
      000061 F6               [ 1]  131 	ld	a, (x)
      000062 14 01            [ 1]  132 	and	a, (0x01, sp)
      000064 F7               [ 1]  133 	ld	(x), a
      000065                        134 00106$:
                                    135 ;	../Libraries/STM8S_StdPeriph_Driver/src/stm8s_gpio.c: 112: GPIOx->CR1 |= (uint8_t)GPIO_Pin;
      000065 1E 02            [ 2]  136 	ldw	x, (0x02, sp)
      000067 1C 00 03         [ 2]  137 	addw	x, #0x0003
                                    138 ;	../Libraries/STM8S_StdPeriph_Driver/src/stm8s_gpio.c: 110: if ((((uint8_t)(GPIO_Mode)) & (uint8_t)0x40) != (uint8_t)0x00) /* Pull-Up or Push-Pull */
      00006A 7B 0B            [ 1]  139 	ld	a, (0x0b, sp)
      00006C A5 40            [ 1]  140 	bcp	a, #0x40
      00006E 27 06            [ 1]  141 	jreq	00108$
                                    142 ;	../Libraries/STM8S_StdPeriph_Driver/src/stm8s_gpio.c: 112: GPIOx->CR1 |= (uint8_t)GPIO_Pin;
      000070 F6               [ 1]  143 	ld	a, (x)
      000071 1A 0A            [ 1]  144 	or	a, (0x0a, sp)
      000073 F7               [ 1]  145 	ld	(x), a
      000074 20 04            [ 2]  146 	jra	00109$
      000076                        147 00108$:
                                    148 ;	../Libraries/STM8S_StdPeriph_Driver/src/stm8s_gpio.c: 116: GPIOx->CR1 &= (uint8_t)(~(GPIO_Pin));
      000076 F6               [ 1]  149 	ld	a, (x)
      000077 14 01            [ 1]  150 	and	a, (0x01, sp)
      000079 F7               [ 1]  151 	ld	(x), a
      00007A                        152 00109$:
                                    153 ;	../Libraries/STM8S_StdPeriph_Driver/src/stm8s_gpio.c: 123: if ((((uint8_t)(GPIO_Mode)) & (uint8_t)0x20) != (uint8_t)0x00) /* Interrupt or Slow slope */
      00007A 7B 0B            [ 1]  154 	ld	a, (0x0b, sp)
      00007C A5 20            [ 1]  155 	bcp	a, #0x20
      00007E 27 0A            [ 1]  156 	jreq	00111$
                                    157 ;	../Libraries/STM8S_StdPeriph_Driver/src/stm8s_gpio.c: 125: GPIOx->CR2 |= (uint8_t)GPIO_Pin;
      000080 1E 04            [ 2]  158 	ldw	x, (0x04, sp)
      000082 F6               [ 1]  159 	ld	a, (x)
      000083 1A 0A            [ 1]  160 	or	a, (0x0a, sp)
      000085 1E 04            [ 2]  161 	ldw	x, (0x04, sp)
      000087 F7               [ 1]  162 	ld	(x), a
      000088 20 08            [ 2]  163 	jra	00113$
      00008A                        164 00111$:
                                    165 ;	../Libraries/STM8S_StdPeriph_Driver/src/stm8s_gpio.c: 129: GPIOx->CR2 &= (uint8_t)(~(GPIO_Pin));
      00008A 1E 04            [ 2]  166 	ldw	x, (0x04, sp)
      00008C F6               [ 1]  167 	ld	a, (x)
      00008D 14 01            [ 1]  168 	and	a, (0x01, sp)
      00008F 1E 04            [ 2]  169 	ldw	x, (0x04, sp)
      000091 F7               [ 1]  170 	ld	(x), a
      000092                        171 00113$:
      000092 5B 05            [ 2]  172 	addw	sp, #5
      000094 81               [ 4]  173 	ret
                                    174 ;	../Libraries/STM8S_StdPeriph_Driver/src/stm8s_gpio.c: 141: void GPIO_Write(GPIO_TypeDef* GPIOx, uint8_t PortVal)
                                    175 ;	-----------------------------------------
                                    176 ;	 function GPIO_Write
                                    177 ;	-----------------------------------------
      000095                        178 _GPIO_Write:
                                    179 ;	../Libraries/STM8S_StdPeriph_Driver/src/stm8s_gpio.c: 143: GPIOx->ODR = PortVal;
      000095 1E 03            [ 2]  180 	ldw	x, (0x03, sp)
      000097 7B 05            [ 1]  181 	ld	a, (0x05, sp)
      000099 F7               [ 1]  182 	ld	(x), a
      00009A 81               [ 4]  183 	ret
                                    184 ;	../Libraries/STM8S_StdPeriph_Driver/src/stm8s_gpio.c: 154: void GPIO_WriteHigh(GPIO_TypeDef* GPIOx, GPIO_Pin_TypeDef PortPins)
                                    185 ;	-----------------------------------------
                                    186 ;	 function GPIO_WriteHigh
                                    187 ;	-----------------------------------------
      00009B                        188 _GPIO_WriteHigh:
                                    189 ;	../Libraries/STM8S_StdPeriph_Driver/src/stm8s_gpio.c: 156: GPIOx->ODR |= (uint8_t)PortPins;
      00009B 1E 03            [ 2]  190 	ldw	x, (0x03, sp)
      00009D F6               [ 1]  191 	ld	a, (x)
      00009E 1A 05            [ 1]  192 	or	a, (0x05, sp)
      0000A0 F7               [ 1]  193 	ld	(x), a
      0000A1 81               [ 4]  194 	ret
                                    195 ;	../Libraries/STM8S_StdPeriph_Driver/src/stm8s_gpio.c: 167: void GPIO_WriteLow(GPIO_TypeDef* GPIOx, GPIO_Pin_TypeDef PortPins)
                                    196 ;	-----------------------------------------
                                    197 ;	 function GPIO_WriteLow
                                    198 ;	-----------------------------------------
      0000A2                        199 _GPIO_WriteLow:
      0000A2 88               [ 1]  200 	push	a
                                    201 ;	../Libraries/STM8S_StdPeriph_Driver/src/stm8s_gpio.c: 169: GPIOx->ODR &= (uint8_t)(~PortPins);
      0000A3 1E 04            [ 2]  202 	ldw	x, (0x04, sp)
      0000A5 F6               [ 1]  203 	ld	a, (x)
      0000A6 6B 01            [ 1]  204 	ld	(0x01, sp), a
      0000A8 7B 06            [ 1]  205 	ld	a, (0x06, sp)
      0000AA 43               [ 1]  206 	cpl	a
      0000AB 14 01            [ 1]  207 	and	a, (0x01, sp)
      0000AD F7               [ 1]  208 	ld	(x), a
      0000AE 84               [ 1]  209 	pop	a
      0000AF 81               [ 4]  210 	ret
                                    211 ;	../Libraries/STM8S_StdPeriph_Driver/src/stm8s_gpio.c: 180: void GPIO_WriteReverse(GPIO_TypeDef* GPIOx, GPIO_Pin_TypeDef PortPins)
                                    212 ;	-----------------------------------------
                                    213 ;	 function GPIO_WriteReverse
                                    214 ;	-----------------------------------------
      0000B0                        215 _GPIO_WriteReverse:
                                    216 ;	../Libraries/STM8S_StdPeriph_Driver/src/stm8s_gpio.c: 182: GPIOx->ODR ^= (uint8_t)PortPins;
      0000B0 1E 03            [ 2]  217 	ldw	x, (0x03, sp)
      0000B2 F6               [ 1]  218 	ld	a, (x)
      0000B3 18 05            [ 1]  219 	xor	a, (0x05, sp)
      0000B5 F7               [ 1]  220 	ld	(x), a
      0000B6 81               [ 4]  221 	ret
                                    222 ;	../Libraries/STM8S_StdPeriph_Driver/src/stm8s_gpio.c: 191: uint8_t GPIO_ReadOutputData(GPIO_TypeDef* GPIOx)
                                    223 ;	-----------------------------------------
                                    224 ;	 function GPIO_ReadOutputData
                                    225 ;	-----------------------------------------
      0000B7                        226 _GPIO_ReadOutputData:
                                    227 ;	../Libraries/STM8S_StdPeriph_Driver/src/stm8s_gpio.c: 193: return ((uint8_t)GPIOx->ODR);
      0000B7 1E 03            [ 2]  228 	ldw	x, (0x03, sp)
      0000B9 F6               [ 1]  229 	ld	a, (x)
      0000BA 81               [ 4]  230 	ret
                                    231 ;	../Libraries/STM8S_StdPeriph_Driver/src/stm8s_gpio.c: 202: uint8_t GPIO_ReadInputData(GPIO_TypeDef* GPIOx)
                                    232 ;	-----------------------------------------
                                    233 ;	 function GPIO_ReadInputData
                                    234 ;	-----------------------------------------
      0000BB                        235 _GPIO_ReadInputData:
                                    236 ;	../Libraries/STM8S_StdPeriph_Driver/src/stm8s_gpio.c: 204: return ((uint8_t)GPIOx->IDR);
      0000BB 1E 03            [ 2]  237 	ldw	x, (0x03, sp)
      0000BD E6 01            [ 1]  238 	ld	a, (0x1, x)
      0000BF 81               [ 4]  239 	ret
                                    240 ;	../Libraries/STM8S_StdPeriph_Driver/src/stm8s_gpio.c: 213: BitStatus GPIO_ReadInputPin(GPIO_TypeDef* GPIOx, GPIO_Pin_TypeDef GPIO_Pin)
                                    241 ;	-----------------------------------------
                                    242 ;	 function GPIO_ReadInputPin
                                    243 ;	-----------------------------------------
      0000C0                        244 _GPIO_ReadInputPin:
                                    245 ;	../Libraries/STM8S_StdPeriph_Driver/src/stm8s_gpio.c: 215: return ((BitStatus)(GPIOx->IDR & (uint8_t)GPIO_Pin));
      0000C0 1E 03            [ 2]  246 	ldw	x, (0x03, sp)
      0000C2 E6 01            [ 1]  247 	ld	a, (0x1, x)
      0000C4 14 05            [ 1]  248 	and	a, (0x05, sp)
      0000C6 81               [ 4]  249 	ret
                                    250 ;	../Libraries/STM8S_StdPeriph_Driver/src/stm8s_gpio.c: 225: void GPIO_ExternalPullUpConfig(GPIO_TypeDef* GPIOx, GPIO_Pin_TypeDef GPIO_Pin, FunctionalState NewState)
                                    251 ;	-----------------------------------------
                                    252 ;	 function GPIO_ExternalPullUpConfig
                                    253 ;	-----------------------------------------
      0000C7                        254 _GPIO_ExternalPullUpConfig:
      0000C7 88               [ 1]  255 	push	a
                                    256 ;	../Libraries/STM8S_StdPeriph_Driver/src/stm8s_gpio.c: 233: GPIOx->CR1 |= (uint8_t)GPIO_Pin;
      0000C8 1E 04            [ 2]  257 	ldw	x, (0x04, sp)
      0000CA 1C 00 03         [ 2]  258 	addw	x, #0x0003
                                    259 ;	../Libraries/STM8S_StdPeriph_Driver/src/stm8s_gpio.c: 231: if (NewState != DISABLE) /* External Pull-Up Set*/
      0000CD 0D 07            [ 1]  260 	tnz	(0x07, sp)
      0000CF 27 06            [ 1]  261 	jreq	00102$
                                    262 ;	../Libraries/STM8S_StdPeriph_Driver/src/stm8s_gpio.c: 233: GPIOx->CR1 |= (uint8_t)GPIO_Pin;
      0000D1 F6               [ 1]  263 	ld	a, (x)
      0000D2 1A 06            [ 1]  264 	or	a, (0x06, sp)
      0000D4 F7               [ 1]  265 	ld	(x), a
      0000D5 20 09            [ 2]  266 	jra	00104$
      0000D7                        267 00102$:
                                    268 ;	../Libraries/STM8S_StdPeriph_Driver/src/stm8s_gpio.c: 236: GPIOx->CR1 &= (uint8_t)(~(GPIO_Pin));
      0000D7 F6               [ 1]  269 	ld	a, (x)
      0000D8 6B 01            [ 1]  270 	ld	(0x01, sp), a
      0000DA 7B 06            [ 1]  271 	ld	a, (0x06, sp)
      0000DC 43               [ 1]  272 	cpl	a
      0000DD 14 01            [ 1]  273 	and	a, (0x01, sp)
      0000DF F7               [ 1]  274 	ld	(x), a
      0000E0                        275 00104$:
      0000E0 84               [ 1]  276 	pop	a
      0000E1 81               [ 4]  277 	ret
                                    278 	.area CODE
                                    279 	.area INITIALIZER
                                    280 	.area CABS (ABS)
