                                      1 ;--------------------------------------------------------
                                      2 ; File Created by SDCC : free open source ANSI-C Compiler
                                      3 ; Version 3.6.0 #9615 (Linux)
                                      4 ;--------------------------------------------------------
                                      5 	.module delay
                                      6 	.optsdcc -mstm8
                                      7 	
                                      8 ;--------------------------------------------------------
                                      9 ; Public variables in this module
                                     10 ;--------------------------------------------------------
                                     11 	.globl _delay_ms
                                     12 ;--------------------------------------------------------
                                     13 ; ram data
                                     14 ;--------------------------------------------------------
                                     15 	.area DATA
                                     16 ;--------------------------------------------------------
                                     17 ; ram data
                                     18 ;--------------------------------------------------------
                                     19 	.area INITIALIZED
                                     20 ;--------------------------------------------------------
                                     21 ; absolute external ram data
                                     22 ;--------------------------------------------------------
                                     23 	.area DABS (ABS)
                                     24 ;--------------------------------------------------------
                                     25 ; global & static initialisations
                                     26 ;--------------------------------------------------------
                                     27 	.area HOME
                                     28 	.area GSINIT
                                     29 	.area GSFINAL
                                     30 	.area GSINIT
                                     31 ;--------------------------------------------------------
                                     32 ; Home
                                     33 ;--------------------------------------------------------
                                     34 	.area HOME
                                     35 	.area HOME
                                     36 ;--------------------------------------------------------
                                     37 ; code
                                     38 ;--------------------------------------------------------
                                     39 	.area CODE
                                     40 ;	../Libraries/STM8S_StdPeriph_Driver/src/delay.c: 5: void delay_ms(uint32_t ms) {
                                     41 ;	-----------------------------------------
                                     42 ;	 function delay_ms
                                     43 ;	-----------------------------------------
      000000                         44 _delay_ms:
      000000 52 04            [ 2]   45 	sub	sp, #4
                                     46 ;	../Libraries/STM8S_StdPeriph_Driver/src/delay.c: 6: sim();
      000002 9B               [ 1]   47 	sim
                                     48 ;	../Libraries/STM8S_StdPeriph_Driver/src/delay.c: 7: ms *= DELAY_MS_COUNTER;
      000003 1E 09            [ 2]   49 	ldw	x, (0x09, sp)
      000005 89               [ 2]   50 	pushw	x
      000006 1E 09            [ 2]   51 	ldw	x, (0x09, sp)
      000008 89               [ 2]   52 	pushw	x
      000009 4B 58            [ 1]   53 	push	#0x58
      00000B 4B 02            [ 1]   54 	push	#0x02
      00000D 5F               [ 1]   55 	clrw	x
      00000E 89               [ 2]   56 	pushw	x
      00000F CDr00r00         [ 4]   57 	call	__mullong
      000012 5B 08            [ 2]   58 	addw	sp, #8
      000014 1F 09            [ 2]   59 	ldw	(0x09, sp), x
      000016 17 07            [ 2]   60 	ldw	(0x07, sp), y
                                     61 ;	../Libraries/STM8S_StdPeriph_Driver/src/delay.c: 9: while (ms != 0)
      000018 16 09            [ 2]   62 	ldw	y, (0x09, sp)
      00001A 17 03            [ 2]   63 	ldw	(0x03, sp), y
      00001C 1E 07            [ 2]   64 	ldw	x, (0x07, sp)
      00001E                         65 00101$:
      00001E 16 03            [ 2]   66 	ldw	y, (0x03, sp)
      000020 26 03            [ 1]   67 	jrne	00115$
      000022 5D               [ 2]   68 	tnzw	x
      000023 27 11            [ 1]   69 	jreq	00103$
      000025                         70 00115$:
                                     71 ;	../Libraries/STM8S_StdPeriph_Driver/src/delay.c: 11: ms--;
      000025 16 03            [ 2]   72 	ldw	y, (0x03, sp)
      000027 72 A2 00 01      [ 2]   73 	subw	y, #0x0001
      00002B 17 03            [ 2]   74 	ldw	(0x03, sp), y
      00002D 9F               [ 1]   75 	ld	a, xl
      00002E A2 00            [ 1]   76 	sbc	a, #0x00
      000030 02               [ 1]   77 	rlwa	x
      000031 A2 00            [ 1]   78 	sbc	a, #0x00
      000033 95               [ 1]   79 	ld	xh, a
      000034 20 E8            [ 2]   80 	jra	00101$
      000036                         81 00103$:
                                     82 ;	../Libraries/STM8S_StdPeriph_Driver/src/delay.c: 13: rim();
      000036 9A               [ 1]   83 	rim
      000037 5B 04            [ 2]   84 	addw	sp, #4
      000039 81               [ 4]   85 	ret
                                     86 	.area CODE
                                     87 	.area INITIALIZER
                                     88 	.area CABS (ABS)
