                                      1 ;--------------------------------------------------------
                                      2 ; File Created by SDCC : free open source ANSI-C Compiler
                                      3 ; Version 3.6.0 #9615 (Linux)
                                      4 ;--------------------------------------------------------
                                      5 	.module stm8s_flash
                                      6 	.optsdcc -mstm8
                                      7 	
                                      8 ;--------------------------------------------------------
                                      9 ; Public variables in this module
                                     10 ;--------------------------------------------------------
                                     11 	.globl _FLASH_Unlock
                                     12 	.globl _FLASH_Lock
                                     13 	.globl _FLASH_DeInit
                                     14 	.globl _FLASH_ITConfig
                                     15 	.globl _FLASH_EraseByte
                                     16 	.globl _FLASH_ProgramByte
                                     17 	.globl _FLASH_ReadByte
                                     18 	.globl _FLASH_ProgramWord
                                     19 	.globl _FLASH_ProgramOptionByte
                                     20 	.globl _FLASH_EraseOptionByte
                                     21 	.globl _FLASH_ReadOptionByte
                                     22 	.globl _FLASH_SetLowPowerMode
                                     23 	.globl _FLASH_SetProgrammingTime
                                     24 	.globl _FLASH_GetLowPowerMode
                                     25 	.globl _FLASH_GetProgrammingTime
                                     26 	.globl _FLASH_GetBootSize
                                     27 	.globl _FLASH_GetFlagStatus
                                     28 	.globl _FLASH_WaitForLastOperation
                                     29 	.globl _FLASH_EraseBlock
                                     30 	.globl _FLASH_ProgramBlock
                                     31 ;--------------------------------------------------------
                                     32 ; ram data
                                     33 ;--------------------------------------------------------
                                     34 	.area DATA
                                     35 ;--------------------------------------------------------
                                     36 ; ram data
                                     37 ;--------------------------------------------------------
                                     38 	.area INITIALIZED
                                     39 ;--------------------------------------------------------
                                     40 ; absolute external ram data
                                     41 ;--------------------------------------------------------
                                     42 	.area DABS (ABS)
                                     43 ;--------------------------------------------------------
                                     44 ; global & static initialisations
                                     45 ;--------------------------------------------------------
                                     46 	.area HOME
                                     47 	.area GSINIT
                                     48 	.area GSFINAL
                                     49 	.area GSINIT
                                     50 ;--------------------------------------------------------
                                     51 ; Home
                                     52 ;--------------------------------------------------------
                                     53 	.area HOME
                                     54 	.area HOME
                                     55 ;--------------------------------------------------------
                                     56 ; code
                                     57 ;--------------------------------------------------------
                                     58 	.area CODE
                                     59 ;	../Libraries/STM8S_StdPeriph_Driver/src/stm8s_flash.c: 87: void FLASH_Unlock(FLASH_MemType_TypeDef FLASH_MemType)
                                     60 ;	-----------------------------------------
                                     61 ;	 function FLASH_Unlock
                                     62 ;	-----------------------------------------
      000000                         63 _FLASH_Unlock:
                                     64 ;	../Libraries/STM8S_StdPeriph_Driver/src/stm8s_flash.c: 93: if(FLASH_MemType == FLASH_MEMTYPE_PROG)
      000000 7B 03            [ 1]   65 	ld	a, (0x03, sp)
      000002 A1 FD            [ 1]   66 	cp	a, #0xfd
      000004 26 09            [ 1]   67 	jrne	00102$
                                     68 ;	../Libraries/STM8S_StdPeriph_Driver/src/stm8s_flash.c: 95: FLASH->PUKR = FLASH_RASS_KEY1;
      000006 35 56 50 62      [ 1]   69 	mov	0x5062+0, #0x56
                                     70 ;	../Libraries/STM8S_StdPeriph_Driver/src/stm8s_flash.c: 96: FLASH->PUKR = FLASH_RASS_KEY2;
      00000A 35 AE 50 62      [ 1]   71 	mov	0x5062+0, #0xae
      00000E 81               [ 4]   72 	ret
      00000F                         73 00102$:
                                     74 ;	../Libraries/STM8S_StdPeriph_Driver/src/stm8s_flash.c: 101: FLASH->DUKR = FLASH_RASS_KEY2; /* Warning: keys are reversed on data memory !!! */
      00000F 35 AE 50 64      [ 1]   75 	mov	0x5064+0, #0xae
                                     76 ;	../Libraries/STM8S_StdPeriph_Driver/src/stm8s_flash.c: 102: FLASH->DUKR = FLASH_RASS_KEY1;
      000013 35 56 50 64      [ 1]   77 	mov	0x5064+0, #0x56
      000017 81               [ 4]   78 	ret
                                     79 ;	../Libraries/STM8S_StdPeriph_Driver/src/stm8s_flash.c: 112: void FLASH_Lock(FLASH_MemType_TypeDef FLASH_MemType)
                                     80 ;	-----------------------------------------
                                     81 ;	 function FLASH_Lock
                                     82 ;	-----------------------------------------
      000018                         83 _FLASH_Lock:
                                     84 ;	../Libraries/STM8S_StdPeriph_Driver/src/stm8s_flash.c: 118: FLASH->IAPSR &= (uint8_t)FLASH_MemType;
      000018 AE 50 5F         [ 2]   85 	ldw	x, #0x505f
      00001B F6               [ 1]   86 	ld	a, (x)
      00001C 14 03            [ 1]   87 	and	a, (0x03, sp)
      00001E AE 50 5F         [ 2]   88 	ldw	x, #0x505f
      000021 F7               [ 1]   89 	ld	(x), a
      000022 81               [ 4]   90 	ret
                                     91 ;	../Libraries/STM8S_StdPeriph_Driver/src/stm8s_flash.c: 126: void FLASH_DeInit(void)
                                     92 ;	-----------------------------------------
                                     93 ;	 function FLASH_DeInit
                                     94 ;	-----------------------------------------
      000023                         95 _FLASH_DeInit:
                                     96 ;	../Libraries/STM8S_StdPeriph_Driver/src/stm8s_flash.c: 128: FLASH->CR1 = FLASH_CR1_RESET_VALUE;
      000023 35 00 50 5A      [ 1]   97 	mov	0x505a+0, #0x00
                                     98 ;	../Libraries/STM8S_StdPeriph_Driver/src/stm8s_flash.c: 129: FLASH->CR2 = FLASH_CR2_RESET_VALUE;
      000027 35 00 50 5B      [ 1]   99 	mov	0x505b+0, #0x00
                                    100 ;	../Libraries/STM8S_StdPeriph_Driver/src/stm8s_flash.c: 130: FLASH->NCR2 = FLASH_NCR2_RESET_VALUE;
      00002B 35 FF 50 5C      [ 1]  101 	mov	0x505c+0, #0xff
                                    102 ;	../Libraries/STM8S_StdPeriph_Driver/src/stm8s_flash.c: 131: FLASH->IAPSR &= (uint8_t)(~FLASH_IAPSR_DUL);
      00002F AE 50 5F         [ 2]  103 	ldw	x, #0x505f
      000032 F6               [ 1]  104 	ld	a, (x)
      000033 A4 F7            [ 1]  105 	and	a, #0xf7
      000035 F7               [ 1]  106 	ld	(x), a
                                    107 ;	../Libraries/STM8S_StdPeriph_Driver/src/stm8s_flash.c: 132: FLASH->IAPSR &= (uint8_t)(~FLASH_IAPSR_PUL);
      000036 AE 50 5F         [ 2]  108 	ldw	x, #0x505f
      000039 F6               [ 1]  109 	ld	a, (x)
      00003A A4 FD            [ 1]  110 	and	a, #0xfd
      00003C F7               [ 1]  111 	ld	(x), a
                                    112 ;	../Libraries/STM8S_StdPeriph_Driver/src/stm8s_flash.c: 133: (void) FLASH->IAPSR; /* Reading of this register causes the clearing of status flags */
      00003D AE 50 5F         [ 2]  113 	ldw	x, #0x505f
      000040 F6               [ 1]  114 	ld	a, (x)
      000041 81               [ 4]  115 	ret
                                    116 ;	../Libraries/STM8S_StdPeriph_Driver/src/stm8s_flash.c: 142: void FLASH_ITConfig(FunctionalState NewState)
                                    117 ;	-----------------------------------------
                                    118 ;	 function FLASH_ITConfig
                                    119 ;	-----------------------------------------
      000042                        120 _FLASH_ITConfig:
                                    121 ;	../Libraries/STM8S_StdPeriph_Driver/src/stm8s_flash.c: 147: if(NewState != DISABLE)
      000042 0D 03            [ 1]  122 	tnz	(0x03, sp)
      000044 27 08            [ 1]  123 	jreq	00102$
                                    124 ;	../Libraries/STM8S_StdPeriph_Driver/src/stm8s_flash.c: 149: FLASH->CR1 |= FLASH_CR1_IE; /* Enables the interrupt sources */
      000046 AE 50 5A         [ 2]  125 	ldw	x, #0x505a
      000049 F6               [ 1]  126 	ld	a, (x)
      00004A AA 02            [ 1]  127 	or	a, #0x02
      00004C F7               [ 1]  128 	ld	(x), a
      00004D 81               [ 4]  129 	ret
      00004E                        130 00102$:
                                    131 ;	../Libraries/STM8S_StdPeriph_Driver/src/stm8s_flash.c: 153: FLASH->CR1 &= (uint8_t)(~FLASH_CR1_IE); /* Disables the interrupt sources */
      00004E AE 50 5A         [ 2]  132 	ldw	x, #0x505a
      000051 F6               [ 1]  133 	ld	a, (x)
      000052 A4 FD            [ 1]  134 	and	a, #0xfd
      000054 F7               [ 1]  135 	ld	(x), a
      000055 81               [ 4]  136 	ret
                                    137 ;	../Libraries/STM8S_StdPeriph_Driver/src/stm8s_flash.c: 164: void FLASH_EraseByte(uint32_t Address)
                                    138 ;	-----------------------------------------
                                    139 ;	 function FLASH_EraseByte
                                    140 ;	-----------------------------------------
      000056                        141 _FLASH_EraseByte:
                                    142 ;	../Libraries/STM8S_StdPeriph_Driver/src/stm8s_flash.c: 170: *(uint8_t*) Address = FLASH_CLEAR_BYTE; 
      000056 1E 05            [ 2]  143 	ldw	x, (0x05, sp)
      000058 7F               [ 1]  144 	clr	(x)
      000059 81               [ 4]  145 	ret
                                    146 ;	../Libraries/STM8S_StdPeriph_Driver/src/stm8s_flash.c: 181: void FLASH_ProgramByte(uint32_t Address, uint8_t Data)
                                    147 ;	-----------------------------------------
                                    148 ;	 function FLASH_ProgramByte
                                    149 ;	-----------------------------------------
      00005A                        150 _FLASH_ProgramByte:
                                    151 ;	../Libraries/STM8S_StdPeriph_Driver/src/stm8s_flash.c: 185: *(uint8_t*) Address = Data;
      00005A 1E 05            [ 2]  152 	ldw	x, (0x05, sp)
      00005C 7B 07            [ 1]  153 	ld	a, (0x07, sp)
      00005E F7               [ 1]  154 	ld	(x), a
      00005F 81               [ 4]  155 	ret
                                    156 ;	../Libraries/STM8S_StdPeriph_Driver/src/stm8s_flash.c: 195: uint8_t FLASH_ReadByte(uint32_t Address)
                                    157 ;	-----------------------------------------
                                    158 ;	 function FLASH_ReadByte
                                    159 ;	-----------------------------------------
      000060                        160 _FLASH_ReadByte:
                                    161 ;	../Libraries/STM8S_StdPeriph_Driver/src/stm8s_flash.c: 201: return(*(uint8_t *) Address); 
      000060 1E 05            [ 2]  162 	ldw	x, (0x05, sp)
      000062 F6               [ 1]  163 	ld	a, (x)
      000063 81               [ 4]  164 	ret
                                    165 ;	../Libraries/STM8S_StdPeriph_Driver/src/stm8s_flash.c: 212: void FLASH_ProgramWord(uint32_t Address, uint32_t Data)
                                    166 ;	-----------------------------------------
                                    167 ;	 function FLASH_ProgramWord
                                    168 ;	-----------------------------------------
      000064                        169 _FLASH_ProgramWord:
      000064 52 04            [ 2]  170 	sub	sp, #4
                                    171 ;	../Libraries/STM8S_StdPeriph_Driver/src/stm8s_flash.c: 218: FLASH->CR2 |= FLASH_CR2_WPRG;
      000066 AE 50 5B         [ 2]  172 	ldw	x, #0x505b
      000069 F6               [ 1]  173 	ld	a, (x)
      00006A AA 40            [ 1]  174 	or	a, #0x40
      00006C F7               [ 1]  175 	ld	(x), a
                                    176 ;	../Libraries/STM8S_StdPeriph_Driver/src/stm8s_flash.c: 219: FLASH->NCR2 &= (uint8_t)(~FLASH_NCR2_NWPRG);
      00006D AE 50 5C         [ 2]  177 	ldw	x, #0x505c
      000070 F6               [ 1]  178 	ld	a, (x)
      000071 A4 BF            [ 1]  179 	and	a, #0xbf
      000073 F7               [ 1]  180 	ld	(x), a
                                    181 ;	../Libraries/STM8S_StdPeriph_Driver/src/stm8s_flash.c: 222: *((uint8_t*)Address)       = *((uint8_t*)(&Data));
      000074 16 09            [ 2]  182 	ldw	y, (0x09, sp)
      000076 17 03            [ 2]  183 	ldw	(0x03, sp), y
      000078 96               [ 1]  184 	ldw	x, sp
      000079 1C 00 0B         [ 2]  185 	addw	x, #11
      00007C 1F 01            [ 2]  186 	ldw	(0x01, sp), x
      00007E 1E 01            [ 2]  187 	ldw	x, (0x01, sp)
      000080 F6               [ 1]  188 	ld	a, (x)
      000081 1E 03            [ 2]  189 	ldw	x, (0x03, sp)
      000083 F7               [ 1]  190 	ld	(x), a
                                    191 ;	../Libraries/STM8S_StdPeriph_Driver/src/stm8s_flash.c: 224: *(((uint8_t*)Address) + 1) = *((uint8_t*)(&Data)+1); 
      000084 1E 03            [ 2]  192 	ldw	x, (0x03, sp)
      000086 5C               [ 2]  193 	incw	x
      000087 16 01            [ 2]  194 	ldw	y, (0x01, sp)
      000089 90 E6 01         [ 1]  195 	ld	a, (0x1, y)
      00008C F7               [ 1]  196 	ld	(x), a
                                    197 ;	../Libraries/STM8S_StdPeriph_Driver/src/stm8s_flash.c: 226: *(((uint8_t*)Address) + 2) = *((uint8_t*)(&Data)+2); 
      00008D 1E 03            [ 2]  198 	ldw	x, (0x03, sp)
      00008F 5C               [ 2]  199 	incw	x
      000090 5C               [ 2]  200 	incw	x
      000091 16 01            [ 2]  201 	ldw	y, (0x01, sp)
      000093 90 E6 02         [ 1]  202 	ld	a, (0x2, y)
      000096 F7               [ 1]  203 	ld	(x), a
                                    204 ;	../Libraries/STM8S_StdPeriph_Driver/src/stm8s_flash.c: 228: *(((uint8_t*)Address) + 3) = *((uint8_t*)(&Data)+3); 
      000097 1E 03            [ 2]  205 	ldw	x, (0x03, sp)
      000099 1C 00 03         [ 2]  206 	addw	x, #0x0003
      00009C 16 01            [ 2]  207 	ldw	y, (0x01, sp)
      00009E 90 E6 03         [ 1]  208 	ld	a, (0x3, y)
      0000A1 F7               [ 1]  209 	ld	(x), a
      0000A2 5B 04            [ 2]  210 	addw	sp, #4
      0000A4 81               [ 4]  211 	ret
                                    212 ;	../Libraries/STM8S_StdPeriph_Driver/src/stm8s_flash.c: 237: void FLASH_ProgramOptionByte(uint16_t Address, uint8_t Data)
                                    213 ;	-----------------------------------------
                                    214 ;	 function FLASH_ProgramOptionByte
                                    215 ;	-----------------------------------------
      0000A5                        216 _FLASH_ProgramOptionByte:
                                    217 ;	../Libraries/STM8S_StdPeriph_Driver/src/stm8s_flash.c: 243: FLASH->CR2 |= FLASH_CR2_OPT;
      0000A5 72 1E 50 5B      [ 1]  218 	bset	0x505b, #7
                                    219 ;	../Libraries/STM8S_StdPeriph_Driver/src/stm8s_flash.c: 244: FLASH->NCR2 &= (uint8_t)(~FLASH_NCR2_NOPT);
      0000A9 AE 50 5C         [ 2]  220 	ldw	x, #0x505c
      0000AC F6               [ 1]  221 	ld	a, (x)
      0000AD A4 7F            [ 1]  222 	and	a, #0x7f
      0000AF F7               [ 1]  223 	ld	(x), a
                                    224 ;	../Libraries/STM8S_StdPeriph_Driver/src/stm8s_flash.c: 250: *((uint8_t*)Address) = Data;
      0000B0 1E 03            [ 2]  225 	ldw	x, (0x03, sp)
                                    226 ;	../Libraries/STM8S_StdPeriph_Driver/src/stm8s_flash.c: 247: if(Address == 0x4800)
      0000B2 89               [ 2]  227 	pushw	x
      0000B3 1E 05            [ 2]  228 	ldw	x, (0x05, sp)
      0000B5 A3 48 00         [ 2]  229 	cpw	x, #0x4800
      0000B8 85               [ 2]  230 	popw	x
      0000B9 26 05            [ 1]  231 	jrne	00102$
                                    232 ;	../Libraries/STM8S_StdPeriph_Driver/src/stm8s_flash.c: 250: *((uint8_t*)Address) = Data;
      0000BB 7B 05            [ 1]  233 	ld	a, (0x05, sp)
      0000BD F7               [ 1]  234 	ld	(x), a
      0000BE 20 0A            [ 2]  235 	jra	00103$
      0000C0                        236 00102$:
                                    237 ;	../Libraries/STM8S_StdPeriph_Driver/src/stm8s_flash.c: 255: *((uint8_t*)Address) = Data;
      0000C0 7B 05            [ 1]  238 	ld	a, (0x05, sp)
      0000C2 F7               [ 1]  239 	ld	(x), a
                                    240 ;	../Libraries/STM8S_StdPeriph_Driver/src/stm8s_flash.c: 256: *((uint8_t*)((uint16_t)(Address + 1))) = (uint8_t)(~Data);
      0000C3 1E 03            [ 2]  241 	ldw	x, (0x03, sp)
      0000C5 5C               [ 2]  242 	incw	x
      0000C6 7B 05            [ 1]  243 	ld	a, (0x05, sp)
      0000C8 43               [ 1]  244 	cpl	a
      0000C9 F7               [ 1]  245 	ld	(x), a
      0000CA                        246 00103$:
                                    247 ;	../Libraries/STM8S_StdPeriph_Driver/src/stm8s_flash.c: 258: FLASH_WaitForLastOperation(FLASH_MEMTYPE_PROG);
      0000CA 4B FD            [ 1]  248 	push	#0xfd
      0000CC CDr01rB4         [ 4]  249 	call	_FLASH_WaitForLastOperation
      0000CF 84               [ 1]  250 	pop	a
                                    251 ;	../Libraries/STM8S_StdPeriph_Driver/src/stm8s_flash.c: 261: FLASH->CR2 &= (uint8_t)(~FLASH_CR2_OPT);
      0000D0 72 1F 50 5B      [ 1]  252 	bres	0x505b, #7
                                    253 ;	../Libraries/STM8S_StdPeriph_Driver/src/stm8s_flash.c: 262: FLASH->NCR2 |= FLASH_NCR2_NOPT;
      0000D4 72 1E 50 5C      [ 1]  254 	bset	0x505c, #7
      0000D8 81               [ 4]  255 	ret
                                    256 ;	../Libraries/STM8S_StdPeriph_Driver/src/stm8s_flash.c: 270: void FLASH_EraseOptionByte(uint16_t Address)
                                    257 ;	-----------------------------------------
                                    258 ;	 function FLASH_EraseOptionByte
                                    259 ;	-----------------------------------------
      0000D9                        260 _FLASH_EraseOptionByte:
                                    261 ;	../Libraries/STM8S_StdPeriph_Driver/src/stm8s_flash.c: 276: FLASH->CR2 |= FLASH_CR2_OPT;
      0000D9 72 1E 50 5B      [ 1]  262 	bset	0x505b, #7
                                    263 ;	../Libraries/STM8S_StdPeriph_Driver/src/stm8s_flash.c: 277: FLASH->NCR2 &= (uint8_t)(~FLASH_NCR2_NOPT);
      0000DD AE 50 5C         [ 2]  264 	ldw	x, #0x505c
      0000E0 F6               [ 1]  265 	ld	a, (x)
      0000E1 A4 7F            [ 1]  266 	and	a, #0x7f
      0000E3 F7               [ 1]  267 	ld	(x), a
                                    268 ;	../Libraries/STM8S_StdPeriph_Driver/src/stm8s_flash.c: 283: *((uint8_t*)Address) = FLASH_CLEAR_BYTE;
      0000E4 1E 03            [ 2]  269 	ldw	x, (0x03, sp)
                                    270 ;	../Libraries/STM8S_StdPeriph_Driver/src/stm8s_flash.c: 280: if(Address == 0x4800)
      0000E6 89               [ 2]  271 	pushw	x
      0000E7 1E 05            [ 2]  272 	ldw	x, (0x05, sp)
      0000E9 A3 48 00         [ 2]  273 	cpw	x, #0x4800
      0000EC 85               [ 2]  274 	popw	x
      0000ED 26 03            [ 1]  275 	jrne	00102$
                                    276 ;	../Libraries/STM8S_StdPeriph_Driver/src/stm8s_flash.c: 283: *((uint8_t*)Address) = FLASH_CLEAR_BYTE;
      0000EF 7F               [ 1]  277 	clr	(x)
      0000F0 20 07            [ 2]  278 	jra	00103$
      0000F2                        279 00102$:
                                    280 ;	../Libraries/STM8S_StdPeriph_Driver/src/stm8s_flash.c: 288: *((uint8_t*)Address) = FLASH_CLEAR_BYTE;
      0000F2 7F               [ 1]  281 	clr	(x)
                                    282 ;	../Libraries/STM8S_StdPeriph_Driver/src/stm8s_flash.c: 289: *((uint8_t*)((uint16_t)(Address + (uint16_t)1 ))) = FLASH_SET_BYTE;
      0000F3 1E 03            [ 2]  283 	ldw	x, (0x03, sp)
      0000F5 5C               [ 2]  284 	incw	x
      0000F6 A6 FF            [ 1]  285 	ld	a, #0xff
      0000F8 F7               [ 1]  286 	ld	(x), a
      0000F9                        287 00103$:
                                    288 ;	../Libraries/STM8S_StdPeriph_Driver/src/stm8s_flash.c: 291: FLASH_WaitForLastOperation(FLASH_MEMTYPE_PROG);
      0000F9 4B FD            [ 1]  289 	push	#0xfd
      0000FB CDr01rB4         [ 4]  290 	call	_FLASH_WaitForLastOperation
      0000FE 84               [ 1]  291 	pop	a
                                    292 ;	../Libraries/STM8S_StdPeriph_Driver/src/stm8s_flash.c: 294: FLASH->CR2 &= (uint8_t)(~FLASH_CR2_OPT);
      0000FF 72 1F 50 5B      [ 1]  293 	bres	0x505b, #7
                                    294 ;	../Libraries/STM8S_StdPeriph_Driver/src/stm8s_flash.c: 295: FLASH->NCR2 |= FLASH_NCR2_NOPT;
      000103 72 1E 50 5C      [ 1]  295 	bset	0x505c, #7
      000107 81               [ 4]  296 	ret
                                    297 ;	../Libraries/STM8S_StdPeriph_Driver/src/stm8s_flash.c: 303: uint16_t FLASH_ReadOptionByte(uint16_t Address)
                                    298 ;	-----------------------------------------
                                    299 ;	 function FLASH_ReadOptionByte
                                    300 ;	-----------------------------------------
      000108                        301 _FLASH_ReadOptionByte:
      000108 52 05            [ 2]  302 	sub	sp, #5
                                    303 ;	../Libraries/STM8S_StdPeriph_Driver/src/stm8s_flash.c: 311: value_optbyte = *((uint8_t*)Address); /* Read option byte */
      00010A 1E 08            [ 2]  304 	ldw	x, (0x08, sp)
      00010C F6               [ 1]  305 	ld	a, (x)
      00010D 6B 02            [ 1]  306 	ld	(0x02, sp), a
                                    307 ;	../Libraries/STM8S_StdPeriph_Driver/src/stm8s_flash.c: 312: value_optbyte_complement = *(((uint8_t*)Address) + 1); /* Read option byte complement */
      00010F E6 01            [ 1]  308 	ld	a, (0x1, x)
      000111 6B 01            [ 1]  309 	ld	(0x01, sp), a
                                    310 ;	../Libraries/STM8S_StdPeriph_Driver/src/stm8s_flash.c: 317: res_value =	 value_optbyte;
      000113 5F               [ 1]  311 	clrw	x
      000114 7B 02            [ 1]  312 	ld	a, (0x02, sp)
      000116 97               [ 1]  313 	ld	xl, a
                                    314 ;	../Libraries/STM8S_StdPeriph_Driver/src/stm8s_flash.c: 315: if(Address == 0x4800)	 
      000117 89               [ 2]  315 	pushw	x
      000118 1E 0A            [ 2]  316 	ldw	x, (0x0a, sp)
      00011A A3 48 00         [ 2]  317 	cpw	x, #0x4800
      00011D 85               [ 2]  318 	popw	x
      00011E 27 20            [ 1]  319 	jreq	00106$
                                    320 ;	../Libraries/STM8S_StdPeriph_Driver/src/stm8s_flash.c: 317: res_value =	 value_optbyte;
      000120 20 00            [ 2]  321 	jra	00105$
      000122                        322 00105$:
                                    323 ;	../Libraries/STM8S_StdPeriph_Driver/src/stm8s_flash.c: 321: if(value_optbyte == (uint8_t)(~value_optbyte_complement))
      000122 7B 01            [ 1]  324 	ld	a, (0x01, sp)
      000124 43               [ 1]  325 	cpl	a
      000125 6B 05            [ 1]  326 	ld	(0x05, sp), a
      000127 7B 02            [ 1]  327 	ld	a, (0x02, sp)
      000129 11 05            [ 1]  328 	cp	a, (0x05, sp)
      00012B 26 10            [ 1]  329 	jrne	00102$
                                    330 ;	../Libraries/STM8S_StdPeriph_Driver/src/stm8s_flash.c: 323: res_value = (uint16_t)((uint16_t)value_optbyte << 8);
      00012D 4F               [ 1]  331 	clr	a
      00012E 02               [ 1]  332 	rlwa	x
                                    333 ;	../Libraries/STM8S_StdPeriph_Driver/src/stm8s_flash.c: 324: res_value = res_value | (uint16_t)value_optbyte_complement;
      00012F 7B 01            [ 1]  334 	ld	a, (0x01, sp)
      000131 0F 03            [ 1]  335 	clr	(0x03, sp)
      000133 89               [ 2]  336 	pushw	x
      000134 1A 02            [ 1]  337 	or	a, (2, sp)
      000136 85               [ 2]  338 	popw	x
      000137 02               [ 1]  339 	rlwa	x
      000138 1A 03            [ 1]  340 	or	a, (0x03, sp)
      00013A 95               [ 1]  341 	ld	xh, a
      00013B 20 03            [ 2]  342 	jra	00106$
      00013D                        343 00102$:
                                    344 ;	../Libraries/STM8S_StdPeriph_Driver/src/stm8s_flash.c: 328: res_value = FLASH_OPTIONBYTE_ERROR;
      00013D AE 55 55         [ 2]  345 	ldw	x, #0x5555
      000140                        346 00106$:
                                    347 ;	../Libraries/STM8S_StdPeriph_Driver/src/stm8s_flash.c: 331: return(res_value);
      000140 5B 05            [ 2]  348 	addw	sp, #5
      000142 81               [ 4]  349 	ret
                                    350 ;	../Libraries/STM8S_StdPeriph_Driver/src/stm8s_flash.c: 340: void FLASH_SetLowPowerMode(FLASH_LPMode_TypeDef FLASH_LPMode)
                                    351 ;	-----------------------------------------
                                    352 ;	 function FLASH_SetLowPowerMode
                                    353 ;	-----------------------------------------
      000143                        354 _FLASH_SetLowPowerMode:
                                    355 ;	../Libraries/STM8S_StdPeriph_Driver/src/stm8s_flash.c: 346: FLASH->CR1 &= (uint8_t)(~(FLASH_CR1_HALT | FLASH_CR1_AHALT)); 
      000143 AE 50 5A         [ 2]  356 	ldw	x, #0x505a
      000146 F6               [ 1]  357 	ld	a, (x)
      000147 A4 F3            [ 1]  358 	and	a, #0xf3
      000149 F7               [ 1]  359 	ld	(x), a
                                    360 ;	../Libraries/STM8S_StdPeriph_Driver/src/stm8s_flash.c: 349: FLASH->CR1 |= (uint8_t)FLASH_LPMode; 
      00014A AE 50 5A         [ 2]  361 	ldw	x, #0x505a
      00014D F6               [ 1]  362 	ld	a, (x)
      00014E 1A 03            [ 1]  363 	or	a, (0x03, sp)
      000150 AE 50 5A         [ 2]  364 	ldw	x, #0x505a
      000153 F7               [ 1]  365 	ld	(x), a
      000154 81               [ 4]  366 	ret
                                    367 ;	../Libraries/STM8S_StdPeriph_Driver/src/stm8s_flash.c: 358: void FLASH_SetProgrammingTime(FLASH_ProgramTime_TypeDef FLASH_ProgTime)
                                    368 ;	-----------------------------------------
                                    369 ;	 function FLASH_SetProgrammingTime
                                    370 ;	-----------------------------------------
      000155                        371 _FLASH_SetProgrammingTime:
                                    372 ;	../Libraries/STM8S_StdPeriph_Driver/src/stm8s_flash.c: 363: FLASH->CR1 &= (uint8_t)(~FLASH_CR1_FIX);
      000155 72 11 50 5A      [ 1]  373 	bres	0x505a, #0
                                    374 ;	../Libraries/STM8S_StdPeriph_Driver/src/stm8s_flash.c: 364: FLASH->CR1 |= (uint8_t)FLASH_ProgTime;
      000159 AE 50 5A         [ 2]  375 	ldw	x, #0x505a
      00015C F6               [ 1]  376 	ld	a, (x)
      00015D 1A 03            [ 1]  377 	or	a, (0x03, sp)
      00015F AE 50 5A         [ 2]  378 	ldw	x, #0x505a
      000162 F7               [ 1]  379 	ld	(x), a
      000163 81               [ 4]  380 	ret
                                    381 ;	../Libraries/STM8S_StdPeriph_Driver/src/stm8s_flash.c: 372: FLASH_LPMode_TypeDef FLASH_GetLowPowerMode(void)
                                    382 ;	-----------------------------------------
                                    383 ;	 function FLASH_GetLowPowerMode
                                    384 ;	-----------------------------------------
      000164                        385 _FLASH_GetLowPowerMode:
                                    386 ;	../Libraries/STM8S_StdPeriph_Driver/src/stm8s_flash.c: 374: return((FLASH_LPMode_TypeDef)(FLASH->CR1 & (uint8_t)(FLASH_CR1_HALT | FLASH_CR1_AHALT)));
      000164 AE 50 5A         [ 2]  387 	ldw	x, #0x505a
      000167 F6               [ 1]  388 	ld	a, (x)
      000168 A4 0C            [ 1]  389 	and	a, #0x0c
      00016A 81               [ 4]  390 	ret
                                    391 ;	../Libraries/STM8S_StdPeriph_Driver/src/stm8s_flash.c: 382: FLASH_ProgramTime_TypeDef FLASH_GetProgrammingTime(void)
                                    392 ;	-----------------------------------------
                                    393 ;	 function FLASH_GetProgrammingTime
                                    394 ;	-----------------------------------------
      00016B                        395 _FLASH_GetProgrammingTime:
                                    396 ;	../Libraries/STM8S_StdPeriph_Driver/src/stm8s_flash.c: 384: return((FLASH_ProgramTime_TypeDef)(FLASH->CR1 & FLASH_CR1_FIX));
      00016B AE 50 5A         [ 2]  397 	ldw	x, #0x505a
      00016E F6               [ 1]  398 	ld	a, (x)
      00016F A4 01            [ 1]  399 	and	a, #0x01
      000171 81               [ 4]  400 	ret
                                    401 ;	../Libraries/STM8S_StdPeriph_Driver/src/stm8s_flash.c: 392: uint32_t FLASH_GetBootSize(void)
                                    402 ;	-----------------------------------------
                                    403 ;	 function FLASH_GetBootSize
                                    404 ;	-----------------------------------------
      000172                        405 _FLASH_GetBootSize:
      000172 52 04            [ 2]  406 	sub	sp, #4
                                    407 ;	../Libraries/STM8S_StdPeriph_Driver/src/stm8s_flash.c: 397: temp = (uint32_t)((uint32_t)FLASH->FPR * (uint32_t)512);
      000174 AE 50 5D         [ 2]  408 	ldw	x, #0x505d
      000177 F6               [ 1]  409 	ld	a, (x)
      000178 5F               [ 1]  410 	clrw	x
      000179 97               [ 1]  411 	ld	xl, a
      00017A 90 5F            [ 1]  412 	clrw	y
      00017C A6 09            [ 1]  413 	ld	a, #0x09
      00017E                        414 00109$:
      00017E 58               [ 2]  415 	sllw	x
      00017F 90 59            [ 2]  416 	rlcw	y
      000181 4A               [ 1]  417 	dec	a
      000182 26 FA            [ 1]  418 	jrne	00109$
      000184 17 01            [ 2]  419 	ldw	(0x01, sp), y
                                    420 ;	../Libraries/STM8S_StdPeriph_Driver/src/stm8s_flash.c: 400: if(FLASH->FPR == 0xFF)
      000186 90 AE 50 5D      [ 2]  421 	ldw	y, #0x505d
      00018A 90 F6            [ 1]  422 	ld	a, (y)
      00018C A1 FF            [ 1]  423 	cp	a, #0xff
      00018E 26 11            [ 1]  424 	jrne	00102$
                                    425 ;	../Libraries/STM8S_StdPeriph_Driver/src/stm8s_flash.c: 402: temp += 512;
      000190 1C 02 00         [ 2]  426 	addw	x, #0x0200
      000193 7B 02            [ 1]  427 	ld	a, (0x02, sp)
      000195 A9 00            [ 1]  428 	adc	a, #0x00
      000197 90 97            [ 1]  429 	ld	yl, a
      000199 7B 01            [ 1]  430 	ld	a, (0x01, sp)
      00019B A9 00            [ 1]  431 	adc	a, #0x00
      00019D 90 95            [ 1]  432 	ld	yh, a
      00019F 17 01            [ 2]  433 	ldw	(0x01, sp), y
      0001A1                        434 00102$:
                                    435 ;	../Libraries/STM8S_StdPeriph_Driver/src/stm8s_flash.c: 406: return(temp);
      0001A1 16 01            [ 2]  436 	ldw	y, (0x01, sp)
      0001A3 5B 04            [ 2]  437 	addw	sp, #4
      0001A5 81               [ 4]  438 	ret
                                    439 ;	../Libraries/STM8S_StdPeriph_Driver/src/stm8s_flash.c: 417: FlagStatus FLASH_GetFlagStatus(FLASH_Flag_TypeDef FLASH_FLAG)
                                    440 ;	-----------------------------------------
                                    441 ;	 function FLASH_GetFlagStatus
                                    442 ;	-----------------------------------------
      0001A6                        443 _FLASH_GetFlagStatus:
                                    444 ;	../Libraries/STM8S_StdPeriph_Driver/src/stm8s_flash.c: 424: if((FLASH->IAPSR & (uint8_t)FLASH_FLAG) != (uint8_t)RESET)
      0001A6 AE 50 5F         [ 2]  445 	ldw	x, #0x505f
      0001A9 F6               [ 1]  446 	ld	a, (x)
      0001AA 14 03            [ 1]  447 	and	a, (0x03, sp)
      0001AC 4D               [ 1]  448 	tnz	a
      0001AD 27 03            [ 1]  449 	jreq	00102$
                                    450 ;	../Libraries/STM8S_StdPeriph_Driver/src/stm8s_flash.c: 426: status = SET; /* FLASH_FLAG is set */
      0001AF A6 01            [ 1]  451 	ld	a, #0x01
      0001B1 81               [ 4]  452 	ret
      0001B2                        453 00102$:
                                    454 ;	../Libraries/STM8S_StdPeriph_Driver/src/stm8s_flash.c: 430: status = RESET; /* FLASH_FLAG is reset*/
      0001B2 4F               [ 1]  455 	clr	a
                                    456 ;	../Libraries/STM8S_StdPeriph_Driver/src/stm8s_flash.c: 434: return status;
      0001B3 81               [ 4]  457 	ret
                                    458 ;	../Libraries/STM8S_StdPeriph_Driver/src/stm8s_flash.c: 549: IN_RAM(FLASH_Status_TypeDef FLASH_WaitForLastOperation(FLASH_MemType_TypeDef FLASH_MemType)) 
                                    459 ;	-----------------------------------------
                                    460 ;	 function FLASH_WaitForLastOperation
                                    461 ;	-----------------------------------------
      0001B4                        462 _FLASH_WaitForLastOperation:
                                    463 ;	../Libraries/STM8S_StdPeriph_Driver/src/stm8s_flash.c: 551: uint8_t flagstatus = 0x00;
      0001B4 4F               [ 1]  464 	clr	a
                                    465 ;	../Libraries/STM8S_StdPeriph_Driver/src/stm8s_flash.c: 576: while((flagstatus == 0x00) && (timeout != 0x00))
      0001B5 AE FF FF         [ 2]  466 	ldw	x, #0xffff
      0001B8                        467 00102$:
      0001B8 4D               [ 1]  468 	tnz	a
      0001B9 26 0E            [ 1]  469 	jrne	00104$
      0001BB 5D               [ 2]  470 	tnzw	x
      0001BC 27 0B            [ 1]  471 	jreq	00104$
                                    472 ;	../Libraries/STM8S_StdPeriph_Driver/src/stm8s_flash.c: 578: flagstatus = (uint8_t)(FLASH->IAPSR & (FLASH_IAPSR_EOP | FLASH_IAPSR_WR_PG_DIS));
      0001BE 90 AE 50 5F      [ 2]  473 	ldw	y, #0x505f
      0001C2 90 F6            [ 1]  474 	ld	a, (y)
      0001C4 A4 05            [ 1]  475 	and	a, #0x05
                                    476 ;	../Libraries/STM8S_StdPeriph_Driver/src/stm8s_flash.c: 579: timeout--;
      0001C6 5A               [ 2]  477 	decw	x
      0001C7 20 EF            [ 2]  478 	jra	00102$
      0001C9                        479 00104$:
                                    480 ;	../Libraries/STM8S_StdPeriph_Driver/src/stm8s_flash.c: 583: if(timeout == 0x00 )
      0001C9 5D               [ 2]  481 	tnzw	x
      0001CA 27 01            [ 1]  482 	jreq	00128$
      0001CC 81               [ 4]  483 	ret
      0001CD                        484 00128$:
                                    485 ;	../Libraries/STM8S_StdPeriph_Driver/src/stm8s_flash.c: 585: flagstatus = FLASH_STATUS_TIMEOUT;
      0001CD A6 02            [ 1]  486 	ld	a, #0x02
                                    487 ;	../Libraries/STM8S_StdPeriph_Driver/src/stm8s_flash.c: 588: return((FLASH_Status_TypeDef)flagstatus);
      0001CF 81               [ 4]  488 	ret
                                    489 ;	../Libraries/STM8S_StdPeriph_Driver/src/stm8s_flash.c: 598: IN_RAM(void FLASH_EraseBlock(uint16_t BlockNum, FLASH_MemType_TypeDef FLASH_MemType))
                                    490 ;	-----------------------------------------
                                    491 ;	 function FLASH_EraseBlock
                                    492 ;	-----------------------------------------
      0001D0                        493 _FLASH_EraseBlock:
      0001D0 52 06            [ 2]  494 	sub	sp, #6
                                    495 ;	../Libraries/STM8S_StdPeriph_Driver/src/stm8s_flash.c: 611: if(FLASH_MemType == FLASH_MEMTYPE_PROG)
      0001D2 7B 0B            [ 1]  496 	ld	a, (0x0b, sp)
      0001D4 A1 FD            [ 1]  497 	cp	a, #0xfd
      0001D6 26 0A            [ 1]  498 	jrne	00102$
                                    499 ;	../Libraries/STM8S_StdPeriph_Driver/src/stm8s_flash.c: 614: startaddress = FLASH_PROG_START_PHYSICAL_ADDRESS;
      0001D8 AE 80 00         [ 2]  500 	ldw	x, #0x8000
      0001DB 1F 05            [ 2]  501 	ldw	(0x05, sp), x
      0001DD 5F               [ 1]  502 	clrw	x
      0001DE 1F 03            [ 2]  503 	ldw	(0x03, sp), x
      0001E0 20 08            [ 2]  504 	jra	00103$
      0001E2                        505 00102$:
                                    506 ;	../Libraries/STM8S_StdPeriph_Driver/src/stm8s_flash.c: 619: startaddress = FLASH_DATA_START_PHYSICAL_ADDRESS;
      0001E2 AE 40 00         [ 2]  507 	ldw	x, #0x4000
      0001E5 1F 05            [ 2]  508 	ldw	(0x05, sp), x
      0001E7 5F               [ 1]  509 	clrw	x
      0001E8 1F 03            [ 2]  510 	ldw	(0x03, sp), x
      0001EA                        511 00103$:
                                    512 ;	../Libraries/STM8S_StdPeriph_Driver/src/stm8s_flash.c: 627: pwFlash = (uint32_t *)(MemoryAddressCast)(startaddress + ((uint32_t)BlockNum * FLASH_BLOCK_SIZE));
      0001EA 16 09            [ 2]  513 	ldw	y, (0x09, sp)
      0001EC 5F               [ 1]  514 	clrw	x
      0001ED A6 06            [ 1]  515 	ld	a, #0x06
      0001EF                        516 00113$:
      0001EF 90 58            [ 2]  517 	sllw	y
      0001F1 59               [ 2]  518 	rlcw	x
      0001F2 4A               [ 1]  519 	dec	a
      0001F3 26 FA            [ 1]  520 	jrne	00113$
      0001F5 72 F9 05         [ 2]  521 	addw	y, (0x05, sp)
      0001F8 9F               [ 1]  522 	ld	a, xl
      0001F9 19 04            [ 1]  523 	adc	a, (0x04, sp)
      0001FB 02               [ 1]  524 	rlwa	x
      0001FC 19 03            [ 1]  525 	adc	a, (0x03, sp)
      0001FE 17 01            [ 2]  526 	ldw	(0x01, sp), y
                                    527 ;	../Libraries/STM8S_StdPeriph_Driver/src/stm8s_flash.c: 631: FLASH->CR2 |= FLASH_CR2_ERASE;
      000200 AE 50 5B         [ 2]  528 	ldw	x, #0x505b
      000203 F6               [ 1]  529 	ld	a, (x)
      000204 AA 20            [ 1]  530 	or	a, #0x20
      000206 F7               [ 1]  531 	ld	(x), a
                                    532 ;	../Libraries/STM8S_StdPeriph_Driver/src/stm8s_flash.c: 632: FLASH->NCR2 &= (uint8_t)(~FLASH_NCR2_NERASE);
      000207 AE 50 5C         [ 2]  533 	ldw	x, #0x505c
      00020A F6               [ 1]  534 	ld	a, (x)
      00020B A4 DF            [ 1]  535 	and	a, #0xdf
      00020D F7               [ 1]  536 	ld	(x), a
                                    537 ;	../Libraries/STM8S_StdPeriph_Driver/src/stm8s_flash.c: 636: *pwFlash = (uint32_t)0;
      00020E 1E 01            [ 2]  538 	ldw	x, (0x01, sp)
      000210 6F 03            [ 1]  539 	clr	(0x3, x)
      000212 6F 02            [ 1]  540 	clr	(0x2, x)
      000214 6F 01            [ 1]  541 	clr	(0x1, x)
      000216 7F               [ 1]  542 	clr	(x)
      000217 5B 06            [ 2]  543 	addw	sp, #6
      000219 81               [ 4]  544 	ret
                                    545 ;	../Libraries/STM8S_StdPeriph_Driver/src/stm8s_flash.c: 655: IN_RAM(void FLASH_ProgramBlock(uint16_t BlockNum, FLASH_MemType_TypeDef FLASH_MemType, 
                                    546 ;	-----------------------------------------
                                    547 ;	 function FLASH_ProgramBlock
                                    548 ;	-----------------------------------------
      00021A                        549 _FLASH_ProgramBlock:
      00021A 52 0E            [ 2]  550 	sub	sp, #14
                                    551 ;	../Libraries/STM8S_StdPeriph_Driver/src/stm8s_flash.c: 664: if(FLASH_MemType == FLASH_MEMTYPE_PROG)
      00021C 7B 13            [ 1]  552 	ld	a, (0x13, sp)
      00021E A1 FD            [ 1]  553 	cp	a, #0xfd
      000220 26 0A            [ 1]  554 	jrne	00102$
                                    555 ;	../Libraries/STM8S_StdPeriph_Driver/src/stm8s_flash.c: 667: startaddress = FLASH_PROG_START_PHYSICAL_ADDRESS;
      000222 AE 80 00         [ 2]  556 	ldw	x, #0x8000
      000225 1F 0D            [ 2]  557 	ldw	(0x0d, sp), x
      000227 4F               [ 1]  558 	clr	a
      000228 0F 0B            [ 1]  559 	clr	(0x0b, sp)
      00022A 20 08            [ 2]  560 	jra	00103$
      00022C                        561 00102$:
                                    562 ;	../Libraries/STM8S_StdPeriph_Driver/src/stm8s_flash.c: 672: startaddress = FLASH_DATA_START_PHYSICAL_ADDRESS;
      00022C AE 40 00         [ 2]  563 	ldw	x, #0x4000
      00022F 1F 0D            [ 2]  564 	ldw	(0x0d, sp), x
      000231 4F               [ 1]  565 	clr	a
      000232 0F 0B            [ 1]  566 	clr	(0x0b, sp)
      000234                        567 00103$:
                                    568 ;	../Libraries/STM8S_StdPeriph_Driver/src/stm8s_flash.c: 676: startaddress = startaddress + ((uint32_t)BlockNum * FLASH_BLOCK_SIZE);
      000234 16 11            [ 2]  569 	ldw	y, (0x11, sp)
      000236 5F               [ 1]  570 	clrw	x
      000237 88               [ 1]  571 	push	a
      000238 A6 06            [ 1]  572 	ld	a, #0x06
      00023A                        573 00128$:
      00023A 90 58            [ 2]  574 	sllw	y
      00023C 59               [ 2]  575 	rlcw	x
      00023D 4A               [ 1]  576 	dec	a
      00023E 26 FA            [ 1]  577 	jrne	00128$
      000240 1F 08            [ 2]  578 	ldw	(0x08, sp), x
      000242 84               [ 1]  579 	pop	a
      000243 72 F9 0D         [ 2]  580 	addw	y, (0x0d, sp)
      000246 19 08            [ 1]  581 	adc	a, (0x08, sp)
      000248 97               [ 1]  582 	ld	xl, a
      000249 7B 0B            [ 1]  583 	ld	a, (0x0b, sp)
      00024B 19 07            [ 1]  584 	adc	a, (0x07, sp)
      00024D 95               [ 1]  585 	ld	xh, a
      00024E 17 03            [ 2]  586 	ldw	(0x03, sp), y
      000250 1F 01            [ 2]  587 	ldw	(0x01, sp), x
                                    588 ;	../Libraries/STM8S_StdPeriph_Driver/src/stm8s_flash.c: 679: if(FLASH_ProgMode == FLASH_PROGRAMMODE_STANDARD)
      000252 0D 14            [ 1]  589 	tnz	(0x14, sp)
      000254 26 0D            [ 1]  590 	jrne	00105$
                                    591 ;	../Libraries/STM8S_StdPeriph_Driver/src/stm8s_flash.c: 682: FLASH->CR2 |= FLASH_CR2_PRG;
      000256 72 10 50 5B      [ 1]  592 	bset	0x505b, #0
                                    593 ;	../Libraries/STM8S_StdPeriph_Driver/src/stm8s_flash.c: 683: FLASH->NCR2 &= (uint8_t)(~FLASH_NCR2_NPRG);
      00025A AE 50 5C         [ 2]  594 	ldw	x, #0x505c
      00025D F6               [ 1]  595 	ld	a, (x)
      00025E A4 FE            [ 1]  596 	and	a, #0xfe
      000260 F7               [ 1]  597 	ld	(x), a
      000261 20 0E            [ 2]  598 	jra	00114$
      000263                        599 00105$:
                                    600 ;	../Libraries/STM8S_StdPeriph_Driver/src/stm8s_flash.c: 688: FLASH->CR2 |= FLASH_CR2_FPRG;
      000263 AE 50 5B         [ 2]  601 	ldw	x, #0x505b
      000266 F6               [ 1]  602 	ld	a, (x)
      000267 AA 10            [ 1]  603 	or	a, #0x10
      000269 F7               [ 1]  604 	ld	(x), a
                                    605 ;	../Libraries/STM8S_StdPeriph_Driver/src/stm8s_flash.c: 689: FLASH->NCR2 &= (uint8_t)(~FLASH_NCR2_NFPRG);
      00026A AE 50 5C         [ 2]  606 	ldw	x, #0x505c
      00026D F6               [ 1]  607 	ld	a, (x)
      00026E A4 EF            [ 1]  608 	and	a, #0xef
      000270 F7               [ 1]  609 	ld	(x), a
                                    610 ;	../Libraries/STM8S_StdPeriph_Driver/src/stm8s_flash.c: 693: for(Count = 0; Count < FLASH_BLOCK_SIZE; Count++)
      000271                        611 00114$:
      000271 5F               [ 1]  612 	clrw	x
      000272 1F 05            [ 2]  613 	ldw	(0x05, sp), x
      000274                        614 00108$:
                                    615 ;	../Libraries/STM8S_StdPeriph_Driver/src/stm8s_flash.c: 695: *((uint8_t*) (MemoryAddressCast)startaddress + Count) = ((uint8_t)(Buffer[Count]));
      000274 1E 03            [ 2]  616 	ldw	x, (0x03, sp)
      000276 72 FB 05         [ 2]  617 	addw	x, (0x05, sp)
      000279 16 15            [ 2]  618 	ldw	y, (0x15, sp)
      00027B 72 F9 05         [ 2]  619 	addw	y, (0x05, sp)
      00027E 90 F6            [ 1]  620 	ld	a, (y)
      000280 F7               [ 1]  621 	ld	(x), a
                                    622 ;	../Libraries/STM8S_StdPeriph_Driver/src/stm8s_flash.c: 693: for(Count = 0; Count < FLASH_BLOCK_SIZE; Count++)
      000281 1E 05            [ 2]  623 	ldw	x, (0x05, sp)
      000283 5C               [ 2]  624 	incw	x
      000284 1F 05            [ 2]  625 	ldw	(0x05, sp), x
      000286 1E 05            [ 2]  626 	ldw	x, (0x05, sp)
      000288 A3 00 40         [ 2]  627 	cpw	x, #0x0040
      00028B 25 E7            [ 1]  628 	jrc	00108$
      00028D 5B 0E            [ 2]  629 	addw	sp, #14
      00028F 81               [ 4]  630 	ret
                                    631 	.area CODE
                                    632 	.area INITIALIZER
                                    633 	.area CABS (ABS)
